---
source: tests/tests/serve.rs
expression: redactions.redacted_yaml(&info)
---
autoConnect: matching
capabilities:
  - auto-connect
  - status
  - client-registry
  - sessions
clientId: 1
expectedPlaceIds: ~
gameId: ~
placeId: ~
projectId: "[project-id]"
projectName: meshpart
projectPath: "[project-path]"
protocolVersion: 5
rootInstanceId: id-2
serverName: roxo
serverVersion: "[server-version]"
sessionId: id-1
unexpectedPlaceIds: ~
